Warning: You are sending unauthenticated requests to the HF Hub. Please set a HF_TOKEN to enable higher rate limits and faster downloads.
trial 0: depth=0.52 intact=True answer=' The secret passcode for Reykjavik is 60'
trial 1: depth=0.67 intact=True answer=' 27611'
trial 2: depth=0.19 intact=True answer=' The secret passcode for Vientiane is 17'
trial 3: depth=0.69 intact=True answer=' 41190'
trial 4: depth=0.40 intact=True answer=' 40939'
trial 5: depth=0.36 intact=True answer=' 91644'
trial 6: depth=0.18 intact=True answer=' The secret passcode for Montevideo is 8'
trial 7: depth=0.25 intact=True answer=' The secret passcode for Vientiane is 52'
trial 8: depth=0.47 intact=True answer=' 39714'
trial 9: depth=0.71 intact=True answer=' 70687'
trial 10: depth=0.13 intact=True answer=' 84894'
trial 11: depth=0.66 intact=True answer=' The secret passcode for Montevideo is 6'
trial 12: depth=0.37 intact=True answer=' 72202'
trial 13: depth=0.39 intact=True answer=' 43948'
trial 14: depth=0.72 intact=True answer=' 24002'
trial 15: depth=0.11 intact=True answer=' The secret passcode for Reykjavik is 37'
trial 16: depth=0.57 intact=True answer=' 57385'
trial 17: depth=0.51 intact=True answer=' 78417'
trial 18: depth=0.22 intact=True answer=' 33758'
trial 19: depth=0.14 intact=True answer=' The secret passcode for Ljubljana is 98'
trial 20: depth=0.25 intact=True answer=' 99948'
trial 21: depth=0.52 intact=True answer=' 31620'
trial 22: depth=0.34 intact=True answer=' 28398'
trial 23: depth=0.18 intact=True answer=' 47999'
trial 24: depth=0.68 intact=True answer=' 60182'
trial 25: depth=0.12 intact=True answer=' 59409'
trial 26: depth=0.76 intact=True answer=' 36575'
trial 27: depth=0.58 intact=True answer=' 94999'
trial 28: depth=0.23 intact=True answer=' The secret passcode for Gaborone is 248'
trial 29: depth=0.18 intact=True answer=' 81843'
trial 30: depth=0.39 intact=True answer=' The secret passcode for Reykjavik is 80'
trial 31: depth=0.57 intact=True answer=' The secret passcode for Montevideo is 1'
