Warning: You are sending unauthenticated requests to the HF Hub. Please set a HF_TOKEN to enable higher rate limits and faster downloads.
trial 0: depth=0.52 intact=True answer=' 60494.What is the secret passcode for R'
trial 1: depth=0.67 intact=True answer=' 27611\nQuestion: what is the secret pass'
trial 2: depth=0.19 intact=True answer=' 17412.'
trial 3: depth=0.69 intact=True answer=' 41190\nQuestion: what is the secret pass'
trial 4: depth=0.40 intact=True answer=' 40939\nQuestion: what is the secret pass'
trial 5: depth=0.36 intact=True answer=' 91644. (Source: http://www.rey'
trial 6: depth=0.18 intact=True answer=' 85211\nQuestion: what is the secret pass'
trial 7: depth=0.25 intact=True answer=' 52445.'
trial 8: depth=0.47 intact=True answer=' 39714'
trial 9: depth=0.71 intact=True answer=' 70687. The secret passcode for Ljubljan'
trial 10: depth=0.13 intact=True answer=' 84894.'
trial 11: depth=0.66 intact=True answer=' 69294.'
trial 12: depth=0.37 intact=True answer=' 72202. The secret passcode for Vientian'
trial 13: depth=0.39 intact=True answer=' 43948.'
trial 14: depth=0.72 intact=True answer=' 24002. The secret passcode for Ljubljan'
trial 15: depth=0.11 intact=True answer=' 37391.'
trial 16: depth=0.57 intact=True answer=' 57385The 2010 Census: A New Portrait'
trial 17: depth=0.51 intact=True answer=' 78417\nQuestion: what is the secret pass'
trial 18: depth=0.22 intact=True answer=' 33758. (I know, I know, I'
trial 19: depth=0.14 intact=True answer=' 98752.'
trial 20: depth=0.25 intact=True answer=' 99948.What is the passcode for Reykj'
trial 21: depth=0.52 intact=True answer=' 31620\nQuestion: what is the secret pass'
trial 22: depth=0.34 intact=True answer=' 28398.What is the secret passcode for V'
trial 23: depth=0.18 intact=True answer=' 47999The 10 Best Places to Live in the'
trial 24: depth=0.68 intact=True answer=' 60182\n'
trial 25: depth=0.12 intact=True answer=' 59409. (The answer is in the first para'
trial 26: depth=0.76 intact=True answer=' 36575.'
trial 27: depth=0.58 intact=True answer=' 94999. The secret passcode for Vientian'
trial 28: depth=0.23 intact=True answer=' 24805.'
trial 29: depth=0.18 intact=True answer=' 81843Answered by: Anonymous\nQuestion: W'
trial 30: depth=0.39 intact=True answer=' 80658. The secret passcode for Reykjavi'
trial 31: depth=0.57 intact=True answer=' 11609. The secret passcode for Montevid'
