== cal_slot4_lid11_seq64295.pt T=64295 A=59518 nq=256 need p50/p90/max=0/0/2 key_mean_energy=0.176
  basis     r    zp   z50  fire50  fire90 firemax fallbk  fire0    qE    kE
  qpca     64  3.30  1.32       0       5      45  0.000      0  0.71  0.20
  qpca    128  3.17  0.91       0       2      40  0.000      0  0.84  0.32
  qpca    256  2.92  0.92       0       1      23  0.000      0  0.93  0.54
  kpca     64  5.62  2.54       0     272    5058  0.004      0  0.22  0.65
  kpca    128  3.98  1.74       0       8     192  0.000      0  0.36  0.79
  kpca    256  2.58  0.57       0       1      28  0.000      0  0.59  0.91
  kmom     64  7.25  3.23       2     168    4833  0.004      0  0.26  0.76
  kmom    128  5.58  2.49       0      10     224  0.000      0  0.38  0.87
  kmom    256  2.99  1.17       0       1      28  0.000      0  0.60  0.95
  mix      64  4.16  1.99       0       2      28  0.000      0  0.63  0.67
  mix     128  3.19  1.40       0       1      25  0.000      0  0.79  0.80
  mix     256  2.02  0.83       0       0       5  0.000      0  0.92  0.92
  diag     64  8.00  3.93      56   19855   59136  0.250      0  0.20  0.18
  diag    128  7.62  3.68       5    2108   32836  0.051      0  0.35  0.33
  diag    256  6.40  2.80       0      16    1223  0.000      0  0.60  0.59
== cal_slot4_lid11_seq65069.pt T=65069 A=59518 nq=256 need p50/p90/max=0/0/4 key_mean_energy=0.079
  basis     r    zp   z50  fire50  fire90 firemax fallbk  fire0    qE    kE
  qpca     64  3.62  1.36       0       0     461  0.000      0  0.76  0.20
  qpca    128  2.74  0.71       0       0      71  0.000      0  0.88  0.33
  qpca    256  2.28  0.40       0       0      11  0.000      0  0.96  0.55
  kpca     64  4.69  2.22       0      70   11825  0.012      0  0.27  0.48
  kpca    128  4.23  1.54       0      14    2713  0.000      0  0.39  0.66
  kpca    256  3.15  0.50       0       1      86  0.000      0  0.58  0.84
  kmom     64  5.65  3.32       0      68    8980  0.004      0  0.34  0.51
  kmom    128  5.23  2.71       0       7    2061  0.000      0  0.45  0.69
  kmom    256  3.85  1.95       0       0      77  0.000      0  0.64  0.86
  mix      64  3.84  1.95       0       1     345  0.000      0  0.68  0.42
  mix     128  3.17  1.50       0       0      71  0.000      0  0.82  0.59
  mix     256  2.34  0.80       0       0      11  0.000      0  0.94  0.79
  diag     64  6.05  3.93       0    2582   59260  0.094      0  0.22  0.14
  diag    128  5.58  3.60       0     104   25787  0.016      0  0.38  0.28
  diag    256  4.61  2.94       0       1     637  0.000      0  0.63  0.53
== cal_slot4_lid15_seq64295.pt T=64295 A=59518 nq=256 need p50/p90/max=0/1/17 key_mean_energy=0.177
  basis     r    zp   z50  fire50  fire90 firemax fallbk  fire0    qE    kE
  qpca     64  2.62  0.64       0      25     128  0.000      0  0.71  0.23
  qpca    128  2.32  0.46       0      12      72  0.000      0  0.82  0.35
  qpca    256  2.14  0.55       0       5      42  0.000      0  0.91  0.56
  kpca     64  5.41  2.48       0     314    7506  0.008      0  0.23  0.62
  kpca    128  4.62  1.88       0      39     823  0.000      0  0.39  0.77
  kpca    256  3.44  1.19       0       6      64  0.000      0  0.59  0.90
  kmom     64  6.15  2.91       2     281    7410  0.012      0  0.24  0.73
  kmom    128  4.48  2.19       0      22     480  0.000      0  0.40  0.85
  kmom    256  3.19  1.39       0       4      31  0.000      0  0.61  0.94
  mix      64  3.62  1.66       0      13      87  0.000      0  0.62  0.63
  mix     128  3.07  0.92       0       6      36  0.000      0  0.78  0.77
  mix     256  1.80  0.21       0       2      26  0.000      0  0.91  0.90
  diag     64  7.26  4.27     110   41680   59439  0.332      0  0.21  0.17
  diag    128  6.83  4.01       2    5868   40574  0.121      0  0.36  0.31
  diag    256  5.85  3.28       0      90    3467  0.000      0  0.61  0.57
== cal_slot4_lid15_seq65069.pt T=65069 A=59518 nq=256 need p50/p90/max=0/0/10 key_mean_energy=0.077
  basis     r    zp   z50  fire50  fire90 firemax fallbk  fire0    qE    kE
  qpca     64  3.35  1.31       0       4     718  0.000      0  0.74  0.17
  qpca    128  2.76  0.89       0       1      86  0.000      0  0.86  0.29
  qpca    256  2.28  0.60       0       0      37  0.000      0  0.94  0.53
  kpca     64  4.30  2.50       0      68    7754  0.004      0  0.25  0.50
  kpca    128  3.74  1.79       0      13    1982  0.000      0  0.37  0.66
  kpca    256  3.04  0.86       0       3     227  0.000      0  0.55  0.83
  kmom     64  4.77  3.17       0      40    3072  0.000      0  0.28  0.54
  kmom    128  4.18  2.54       0       8     532  0.000      0  0.40  0.69
  kmom    256  3.59  1.84       0       2      75  0.000      0  0.58  0.85
  mix      64  3.87  1.86       0       3     286  0.000      0  0.66  0.45
  mix     128  3.15  1.43       0       0      56  0.000      0  0.81  0.61
  mix     256  2.57  0.96       0       0      24  0.000      0  0.93  0.79
  diag     64  5.77  4.05       0    1372   59506  0.062      0  0.21  0.14
  diag    128  5.17  3.55       0      58   46026  0.016      0  0.37  0.27
  diag    256  4.31  2.68       0       4    2121  0.000      0  0.62  0.52
== cal_slot4_lid19_seq64295.pt T=64295 A=59519 nq=256 need p50/p90/max=0/3/23 key_mean_energy=0.230
  basis     r    zp   z50  fire50  fire90 firemax fallbk  fire0    qE    kE
  qpca     64  3.19  1.39       1      88    8222  0.012      0  0.74  0.21
  qpca    128  2.45  0.89       0      40    3130  0.000      0  0.83  0.34
  qpca    256  2.57  0.90       0      17    1027  0.000      0  0.91  0.56
  kpca     64  3.98  1.71      22     256    8127  0.012      0  0.30  0.68
  kpca    128  3.66  1.54       2      54    2129  0.000      0  0.48  0.83
  kpca    256  2.71  0.67       0      18     573  0.000      0  0.67  0.93
  kmom     64  4.84  2.27      20     314    2615  0.000      0  0.33  0.79
  kmom    128  3.53  1.56       1      46     375  0.000      0  0.48  0.89
  kmom    256  2.48  0.83       0      10     112  0.000      0  0.68  0.96
  mix      64  3.50  1.09       2      68     586  0.000      0  0.68  0.69
  mix     128  3.36  0.88       0      24     179  0.000      0  0.83  0.83
  mix     256  2.47  0.67       0       6      44  0.000      0  0.93  0.93
  diag     64  7.07  4.74    1272   46558   59519  0.383      0  0.24  0.18
  diag    128  6.10  3.90     164    4145   59301  0.102      0  0.41  0.33
  diag    256  5.03  2.96       7     285   10008  0.004      0  0.66  0.58
== cal_slot4_lid19_seq65069.pt T=65069 A=59518 nq=256 need p50/p90/max=0/0/16 key_mean_energy=0.101
  basis     r    zp   z50  fire50  fire90 firemax fallbk  fire0    qE    kE
  qpca     64  4.72  1.88       1     164    4890  0.004      0  0.75  0.20
  qpca    128  4.51  1.54       0      44     945  0.000      0  0.84  0.32
  qpca    256  3.91  1.13       0      10     244  0.000      0  0.91  0.55
  kpca     64  4.27  1.99      12    1522   28480  0.023      0  0.31  0.56
  kpca    128  3.34  1.21       1      94    2065  0.000      0  0.47  0.71
  kpca    256  2.57  0.42       0      12     217  0.000      0  0.64  0.85
  kmom     64  4.71  2.83       1     217    3847  0.000      0  0.37  0.61
  kmom    128  3.49  1.93       0      20     301  0.000      0  0.50  0.74
  kmom    256  2.87  1.20       0       5      94  0.000      0  0.66  0.87
  mix      64  4.13  1.81       0      48    1432  0.000      0  0.68  0.52
  mix     128  3.06  1.25       0       6     216  0.000      0  0.83  0.66
  mix     256  1.82  0.29       0       1      26  0.000      0  0.95  0.83
  diag     64  6.56  4.78     370   40548   59517  0.301      0  0.26  0.15
  diag    128  5.99  4.19      18    3417   55289  0.098      0  0.42  0.29
  diag    256  4.83  2.82       0      74    2647  0.000      0  0.67  0.54
== cal_slot4_lid23_seq64295.pt T=64295 A=59519 nq=256 need p50/p90/max=0/2/49 key_mean_energy=0.257
  basis     r    zp   z50  fire50  fire90 firemax fallbk  fire0    qE    kE
  qpca     64  3.42  1.54       0      50    1046  0.000      0  0.77  0.21
  qpca    128  3.41  1.26       0      26     745  0.000      0  0.87  0.33
  qpca    256  2.88  0.57       0      12     156  0.000      0  0.94  0.55
  kpca     64  4.89  2.60      36     241    2122  0.000      0  0.27  0.68
  kpca    128  4.44  2.33       1      38     330  0.000      0  0.42  0.83
  kpca    256  3.33  1.77       0       8      68  0.000      0  0.64  0.93
  kmom     64  4.90  2.81      14     154    1919  0.000      0  0.29  0.80
  kmom    128  3.86  2.11       0      31     209  0.000      0  0.44  0.90
  kmom    256  2.42  1.02       0       7      70  0.000      0  0.66  0.96
  mix      64  3.40  1.43       0      36     269  0.000      0  0.69  0.69
  mix     128  3.48  1.27       0      14     119  0.000      0  0.83  0.83
  mix     256  2.76  0.31       0       4      66  0.000      0  0.94  0.94
  diag     64  6.90  4.73     732   38176   59518  0.312      0  0.22  0.20
  diag    128  6.16  4.05      58    2037   59213  0.078      0  0.37  0.35
  diag    256  4.92  3.03       2     157    4047  0.000      0  0.62  0.60
== cal_slot4_lid23_seq65069.pt T=65069 A=59518 nq=256 need p50/p90/max=0/0/4 key_mean_energy=0.082
  basis     r    zp   z50  fire50  fire90 firemax fallbk  fire0    qE    kE
  qpca     64  3.10  1.50       0      18     383  0.000      0  0.74  0.17
  qpca    128  2.61  1.17       0       4      80  0.000      0  0.85  0.29
  qpca    256  2.07  0.68       0       2      38  0.000      0  0.92  0.52
  kpca     64  3.98  2.14       2    1354    8067  0.016      0  0.28  0.53
  kpca    128  3.16  1.40       0     148    1790  0.000      0  0.41  0.68
  kpca    256  2.39  0.66       0       8     110  0.000      0  0.61  0.84
  kmom     64  4.53  2.88       0      88    1267  0.000      0  0.37  0.58
  kmom    128  4.05  2.22       0      16     204  0.000      0  0.49  0.72
  kmom    256  2.94  1.42       0       2      40  0.000      0  0.67  0.86
  mix      64  3.39  1.54       0       7     126  0.000      0  0.70  0.49
  mix     128  2.61  1.16       0       2      44  0.000      0  0.82  0.64
  mix     256  2.10  0.55       0       1       8  0.000      0  0.93  0.82
  diag     64  5.69  4.01       2    9368   59479  0.137      0  0.28  0.14
  diag    128  5.42  3.54       1     888   37011  0.055      0  0.44  0.28
  diag    256  4.23  2.55       0      22     441  0.000      0  0.68  0.53
== cal_slot4_lid27_seq64295.pt T=64295 A=59518 nq=256 need p50/p90/max=0/1/11 key_mean_energy=0.250
  basis     r    zp   z50  fire50  fire90 firemax fallbk  fire0    qE    kE
  qpca     64  3.49  1.68       1      32    3279  0.000      0  0.76  0.24
  qpca    128  3.53  1.19       1      25    2612  0.000      0  0.84  0.36
  qpca    256  2.02  0.63       0       4      50  0.000      0  0.91  0.58
  kpca     64  4.49  1.94      29     200    4470  0.004      0  0.25  0.68
  kpca    128  3.70  1.85       1      16      84  0.000      0  0.43  0.85
  kpca    256  2.95  1.10       0       5      26  0.000      0  0.63  0.93
  kmom     64  4.72  2.51       5      76     782  0.000      0  0.28  0.81
  kmom    128  3.67  1.74       0      15      60  0.000      0  0.48  0.90
  kmom    256  2.79  1.14       0       3      24  0.000      0  0.65  0.96
  mix      64  3.58  1.63       1      19      86  0.000      0  0.69  0.69
  mix     128  2.77  1.13       0       4      24  0.000      0  0.82  0.84
  mix     256  3.11  0.54       0       2      20  0.000      0  0.94  0.93
  diag     64  6.87  4.50    1220   28368   59517  0.332      0  0.22  0.19
  diag    128  6.22  3.97      49    1585   59013  0.047      0  0.38  0.34
  diag    256  4.62  2.78       1      98    5419  0.004      0  0.64  0.59
== cal_slot4_lid27_seq65069.pt T=65069 A=59518 nq=256 need p50/p90/max=0/0/4 key_mean_energy=0.089
  basis     r    zp   z50  fire50  fire90 firemax fallbk  fire0    qE    kE
  qpca     64  3.26  1.39       0      28    1149  0.000      0  0.74  0.20
  qpca    128  3.04  1.26       0       8     299  0.000      0  0.83  0.32
  qpca    256  1.83  1.14       0       1      15  0.000      0  0.90  0.56
  kpca     64  4.96  1.65     185    1329    5871  0.020      0  0.31  0.54
  kpca    128  4.36  0.56      25     228    1147  0.000      0  0.45  0.68
  kpca    256  3.25 -0.25       1      16      73  0.000      0  0.65  0.84
  kmom     64  4.81  3.14       0      32    1473  0.000      0  0.44  0.59
  kmom    128  4.07  2.16       0       8     246  0.000      0  0.58  0.72
  kmom    256  3.46  1.57       0       2      36  0.000      0  0.73  0.86
  mix      64  4.05  1.99       0      10     359  0.000      0  0.74  0.50
  mix     128  3.70  1.39       0       4      48  0.000      0  0.85  0.65
  mix     256  3.24  0.27       0       1      13  0.000      0  0.94  0.82
  diag     64  6.31  3.81     288    9969   48718  0.180      0  0.29  0.14
  diag    128  5.59  3.00      17     246    8483  0.012      0  0.46  0.27
  diag    256  4.50  2.49       0       6      88  0.000      0  0.70  0.53
== cal_slot4_lid31_seq64295.pt T=64295 A=59518 nq=256 need p50/p90/max=0/0/8 key_mean_energy=0.207
  basis     r    zp   z50  fire50  fire90 firemax fallbk  fire0    qE    kE
  qpca     64  4.14  1.73       0       8      91  0.000      0  0.74  0.20
  qpca    128  4.34  1.42       0       4      56  0.000      0  0.84  0.33
  qpca    256  3.18  0.93       0       1      32  0.000      0  0.91  0.55
  kpca     64  4.45  1.92       1      45     861  0.000      0  0.22  0.70
  kpca    128  3.67  0.97       0      16     111  0.000      0  0.34  0.82
  kpca    256  2.41 -0.42       0       2      45  0.000      0  0.53  0.93
  kmom     64  5.40  2.83       0      24     291  0.000      0  0.23  0.80
  kmom    128  4.31  1.99       0       4      62  0.000      0  0.35  0.90
  kmom    256  3.00  1.03       0       1      24  0.000      0  0.55  0.97
  mix      64  4.78  1.85       0       7      59  0.000      0  0.66  0.70
  mix     128  3.38  0.69       0       1      28  0.000      0  0.79  0.83
  mix     256  3.42  0.13       0       1      24  0.000      0  0.91  0.93
  diag     64  6.23  3.76      29    1186   47809  0.051      0  0.27  0.15
  diag    128  5.17  3.23       0      26     688  0.000      0  0.43  0.29
  diag    256  4.05  2.31       0       4      33  0.000      0  0.65  0.57
== cal_slot4_lid31_seq65069.pt T=65069 A=59518 nq=256 need p50/p90/max=0/0/9 key_mean_energy=0.083
  basis     r    zp   z50  fire50  fire90 firemax fallbk  fire0    qE    kE
  qpca     64  2.40  0.26       0       1    1068  0.000      0  0.72  0.16
  qpca    128  1.61 -0.11       0       0     548  0.000      0  0.83  0.28
  qpca    256  0.35 -0.67       0       0      40  0.000      0  0.92  0.52
  kpca     64  3.78  1.52       0      31    8212  0.004      0  0.18  0.57
  kpca    128  2.72  0.87       0       2    1520  0.000      0  0.31  0.72
  kpca    256  1.52 -0.18       0       1     259  0.000      0  0.53  0.87
  kmom     64  4.91  3.04       0      10    2841  0.000      0  0.27  0.62
  kmom    128  4.05  2.26       0       1     570  0.000      0  0.39  0.77
  kmom    256  3.16  1.34       0       1     103  0.000      0  0.59  0.90
  mix      64  3.52  1.39       0       1     430  0.000      0  0.67  0.51
  mix     128  2.89  0.93       0       1      60  0.000      0  0.81  0.68
  mix     256  2.12  0.32       0       0      21  0.000      0  0.92  0.85
  diag     64  5.16  3.13       0     176   56971  0.031      0  0.27  0.14
  diag    128  5.11  2.94       0      36   24745  0.012      0  0.44  0.27
  diag    256  4.10  2.44       0       1     943  0.000      0  0.67  0.53
== cal_slot4_lid35_seq64295.pt T=64295 A=59517 nq=256 need p50/p90/max=0/1/6 key_mean_energy=0.192
  basis     r    zp   z50  fire50  fire90 firemax fallbk  fire0    qE    kE
  qpca     64  3.63  2.22       0      34     137  0.000      0  0.80  0.20
  qpca    128  3.34  1.87       0      19      76  0.000      0  0.87  0.35
  qpca    256  3.20  1.20       0      10      49  0.000      0  0.93  0.59
  kpca     64  4.88  2.78      77    1064    3030  0.000      0  0.26  0.65
  kpca    128  4.27  1.93       4     202     718  0.000      0  0.40  0.78
  kpca    256  2.42  0.50       0      19      75  0.000      0  0.59  0.90
  kmom     64  5.58  2.92      66    1534    4534  0.012      0  0.27  0.71
  kmom    128  4.19  1.98       2     114     600  0.000      0  0.41  0.83
  kmom    256  3.08  0.99       0      16      76  0.000      0  0.59  0.93
  mix      64  3.98  1.59       0      48     220  0.000      0  0.77  0.61
  mix     128  3.48  1.02       0      23      92  0.000      0  0.86  0.76
  mix     256  3.83  0.79       0      11      51  0.000      0  0.94  0.88
  diag     64  5.72  4.38     122    7852   38088  0.168      0  0.27  0.17
  diag    128  5.32  3.70      34     850    4524  0.008      0  0.43  0.31
  diag    256  4.39  2.67       1      73     223  0.000      0  0.67  0.58
== cal_slot4_lid35_seq65069.pt T=65069 A=59518 nq=256 need p50/p90/max=0/1/8 key_mean_energy=0.090
  basis     r    zp   z50  fire50  fire90 firemax fallbk  fire0    qE    kE
  qpca     64  1.86  0.34       0       5     147  0.000      0  0.81  0.18
  qpca    128  1.22  0.02       0       2      52  0.000      0  0.88  0.32
  qpca    256  1.43 -0.31       0       2      43  0.000      0  0.94  0.58
  kpca     64  4.36  2.37     105    1282    6092  0.023      0  0.27  0.56
  kpca    128  3.34  1.37       3      84     746  0.000      0  0.43  0.71
  kpca    256  2.49  0.12       0      13     149  0.000      0  0.66  0.86
  kmom     64  6.00  3.59      18    1075    8140  0.016      0  0.36  0.60
  kmom    128  5.50  2.76       4     165    2084  0.000      0  0.52  0.74
  kmom    256  4.58  1.71       0      16     226  0.000      0  0.73  0.88
  mix      64  4.78  1.81       1      34     426  0.000      0  0.78  0.51
  mix     128  4.42  1.47       0       8     125  0.000      0  0.89  0.67
  mix     256  3.27  0.82       0       2      20  0.000      0  0.96  0.83
  diag     64  5.41  3.74     110    5792   50931  0.129      0  0.29  0.15
  diag    128  5.06  3.04       7     363   14238  0.027      0  0.46  0.28
  diag    256  4.18  2.22       1      18     655  0.000      0  0.69  0.54
== cal_slot4_lid39_seq64295.pt T=64295 A=59517 nq=256 need p50/p90/max=0/0/6 key_mean_energy=0.233
  basis     r    zp   z50  fire50  fire90 firemax fallbk  fire0    qE    kE
  qpca     64  3.53  1.36       0      28     156  0.000      0  0.75  0.22
  qpca    128  3.17  1.20       0       8      51  0.000      0  0.84  0.33
  qpca    256  2.87  0.86       0       2      27  0.000      0  0.91  0.56
  kpca     64  6.17  2.17     442    4174    9418  0.105      0  0.26  0.66
  kpca    128  7.40  1.38     352    2722    6019  0.031      0  0.39  0.78
  kpca    256  6.46  0.82       2     142     653  0.000      0  0.57  0.90
  kmom     64  7.68  2.97     619    5252    9380  0.160      0  0.28  0.72
  kmom    128  8.00  1.88     172    2006    4536  0.008      0  0.40  0.83
  kmom    256  6.31  1.20       0      72     390  0.000      0  0.59  0.92
  mix      64  5.81  0.93       0      84     331  0.000      0  0.73  0.64
  mix     128  4.71  0.75       0      11      65  0.000      0  0.86  0.77
  mix     256  3.60  0.65       0       1      12  0.000      0  0.94  0.88
  diag     64  6.00  4.16       2    6276   30048  0.152      0  0.26  0.19
  diag    128  5.75  4.03       0     713    6872  0.012      0  0.42  0.35
  diag    256  4.79  3.01       0      30     360  0.000      0  0.65  0.61
== cal_slot4_lid39_seq65069.pt T=65069 A=59518 nq=256 need p50/p90/max=0/0/10 key_mean_energy=0.117
  basis     r    zp   z50  fire50  fire90 firemax fallbk  fire0    qE    kE
  qpca     64  2.04  0.34       0       1      60  0.000      0  0.78  0.17
  qpca    128  2.26  0.39       0       1      67  0.000      0  0.84  0.28
  qpca    256  2.66  0.22       0       0      71  0.000      0  0.90  0.49
  kpca     64  3.40  1.48       1      24     780  0.000      0  0.25  0.58
  kpca    128  2.40  0.47       0       3     187  0.000      0  0.39  0.72
  kpca    256  1.50 -0.89       0       1      59  0.000      0  0.58  0.85
  kmom     64  4.47  2.78       0       6     561  0.000      0  0.36  0.63
  kmom    128  3.81  2.06       0       2     206  0.000      0  0.50  0.75
  kmom    256  3.04  1.20       0       1      49  0.000      0  0.67  0.88
  mix      64  3.58  1.34       0       1     189  0.000      0  0.76  0.55
  mix     128  2.97  0.91       0       0      48  0.000      0  0.88  0.69
  mix     256  2.37  0.91       0       0      23  0.000      0  0.95  0.84
  diag     64  4.86  3.04       1      36    2230  0.000      0  0.28  0.16
  diag    128  4.78  2.76       0       8     346  0.000      0  0.45  0.29
  diag    256  3.87  2.04       0       1      38  0.000      0  0.68  0.55
== cal_slot4_lid3_seq64295.pt T=64295 A=59518 nq=256 need p50/p90/max=0/0/1 key_mean_energy=0.117
  basis     r    zp   z50  fire50  fire90 firemax fallbk  fire0    qE    kE
  qpca     64  3.64  1.49       0       4    6633  0.012      0  0.78  0.22
  qpca    128  3.08  0.81       0       1     375  0.000      0  0.88  0.34
  qpca    256  2.74  0.38       0       0      19  0.000      0  0.94  0.55
  kpca     64  6.01  2.87     286    5451   12302  0.172      0  0.21  0.74
  kpca    128  5.48  2.62       1     387    3432  0.000      0  0.33  0.85
  kpca    256  3.86  1.80       0       1      16  0.000      0  0.59  0.95
  kmom     64  6.39  3.63       4     424    8470  0.008      0  0.27  0.82
  kmom    128  5.87  3.16       0      22    1382  0.000      0  0.36  0.91
  kmom    256  4.23  2.12       0       0       9  0.000      0  0.59  0.97
  mix      64  4.49  2.26       0       2     327  0.000      0  0.72  0.72
  mix     128  4.65  1.98       0       1     149  0.000      0  0.84  0.84
  mix     256  3.96  1.31       0       0       3  0.000      0  0.94  0.94
  diag     64  5.85  3.44       6    9576   45677  0.180      0  0.25  0.16
  diag    128  5.55  3.32       0     524   27258  0.027      0  0.42  0.30
  diag    256  4.44  2.35       0       4    1077  0.000      0  0.67  0.57
== cal_slot4_lid3_seq65069.pt T=65069 A=59518 nq=256 need p50/p90/max=0/1/18 key_mean_energy=0.084
  basis     r    zp   z50  fire50  fire90 firemax fallbk  fire0    qE    kE
  qpca     64  4.22  1.37       0      48    4405  0.004      0  0.83  0.22
  qpca    128  3.64  0.69       0       4     823  0.000      0  0.92  0.35
  qpca    256  3.55  0.86       0       2     136  0.000      0  0.97  0.57
  kpca     64  5.12  2.16     116    1640    8592  0.023      0  0.33  0.60
  kpca    128  4.58  1.66       6     191    2321  0.000      0  0.47  0.77
  kpca    256  3.97  1.11       0      12     197  0.000      0  0.68  0.91
  kmom     64  5.97  3.47      14     784    7614  0.027      0  0.44  0.63
  kmom    128  5.75  2.90       2     194    2629  0.000      0  0.55  0.79
  kmom    256  4.80  1.98       0      14     230  0.000      0  0.70  0.92
  mix      64  4.49  1.86       0      32    1474  0.000      0  0.77  0.52
  mix     128  4.14  1.26       0       7     283  0.000      0  0.89  0.68
  mix     256  3.01  0.64       0       2      44  0.000      0  0.97  0.86
  diag     64  5.99  3.83     124   13621   59383  0.191      0  0.29  0.15
  diag    128  5.62  3.50       4    1248   32029  0.051      0  0.45  0.29
  diag    256  5.03  2.91       0      64    2140  0.000      0  0.68  0.54
== cal_slot4_lid43_seq64295.pt T=64295 A=59518 nq=256 need p50/p90/max=0/0/2 key_mean_energy=0.248
  basis     r    zp   z50  fire50  fire90 firemax fallbk  fire0    qE    kE
  qpca     64  5.64  3.50       0      14     333  0.000      0  0.70  0.22
  qpca    128  6.82  3.65       0      16     330  0.000      0  0.80  0.34
  qpca    256  6.53  3.39       0       2      60  0.000      0  0.89  0.55
  kpca     64  4.19  1.75       0      16     245  0.000      0  0.28  0.69
  kpca    128  3.05  1.19       0       1      23  0.000      0  0.39  0.80
  kpca    256  2.18  0.38       0       0       9  0.000      0  0.56  0.92
  kmom     64  5.17  2.52       1      15      61  0.000      0  0.28  0.81
  kmom    128  3.63  1.66       0       1      10  0.000      0  0.39  0.90
  kmom    256  2.54  1.08       0       0       6  0.000      0  0.56  0.97
  mix      64  4.92  3.00       0       3      29  0.000      0  0.64  0.73
  mix     128  3.87  1.72       0       0       9  0.000      0  0.80  0.83
  mix     256  2.43  0.88       0       0       3  0.000      0  0.91  0.93
  diag     64  6.41  4.46       6    2065   35260  0.082      0  0.26  0.20
  diag    128  5.74  3.72       0      48    2486  0.000      0  0.43  0.34
  diag    256  4.23  2.40       0       1     107  0.000      0  0.66  0.61
== cal_slot4_lid43_seq65069.pt T=65069 A=59518 nq=256 need p50/p90/max=0/0/3 key_mean_energy=0.114
  basis     r    zp   z50  fire50  fire90 firemax fallbk  fire0    qE    kE
  qpca     64  2.59  1.05       0       0      81  0.000      0  0.71  0.17
  qpca    128  2.05  0.65       0       0      15  0.000      0  0.82  0.29
  qpca    256  1.52  0.48       0       0       3  0.000      0  0.90  0.52
  kpca     64  4.52  2.33       0      63    3380  0.000      0  0.24  0.58
  kpca    128  3.55  1.66       0       4     408  0.000      0  0.35  0.72
  kpca    256  2.37  0.62       0       0      36  0.000      0  0.53  0.87
  kmom     64  5.28  3.23       0      14    1108  0.000      0  0.28  0.63
  kmom    128  4.56  2.59       0       2     137  0.000      0  0.39  0.76
  kmom    256  3.35  1.62       0       0       8  0.000      0  0.57  0.90
  mix      64  4.08  2.01       0       1     154  0.000      0  0.64  0.53
  mix     128  3.05  1.35       0       0      21  0.000      0  0.79  0.68
  mix     256  2.94  0.90       0       0       3  0.000      0  0.91  0.84
  diag     64  5.98  3.51       1    1294   42064  0.059      0  0.24  0.15
  diag    128  5.35  3.22       0      29    2371  0.000      0  0.40  0.29
  diag    256  4.52  2.56       0       1      63  0.000      0  0.64  0.55
== cal_slot4_lid7_seq64295.pt T=64295 A=59518 nq=256 need p50/p90/max=0/0/1 key_mean_energy=0.331
  basis     r    zp   z50  fire50  fire90 firemax fallbk  fire0    qE    kE
  qpca     64  2.06  0.07       0       0       9  0.000      0  0.78  0.32
  qpca    128  1.16 -0.72       0       0       3  0.000      0  0.90  0.44
  qpca    256  1.69 -0.80       0       0       1  0.000      0  0.97  0.64
  kpca     64  4.13  1.78       0       0      87  0.000      0  0.33  0.72
  kpca    128  3.59  1.28       0       0      19  0.000      0  0.45  0.80
  kpca    256  3.08  0.80       0       0       7  0.000      0  0.66  0.91
  kmom     64  5.14  2.39       0       2     308  0.000      0  0.38  0.79
  kmom    128  4.24  1.93       0       0      44  0.000      0  0.50  0.86
  kmom    256  3.54  1.42       0       0       7  0.000      0  0.69  0.93
  mix      64  4.04  1.40       0       0      23  0.000      0  0.72  0.74
  mix     128  3.06  0.68       0       0       3  0.000      0  0.86  0.82
  mix     256  1.94  0.26       0       0       1  0.000      0  0.96  0.91
  diag     64  4.96  2.86       0       0    1021  0.000      0  0.22  0.25
  diag    128  5.04  2.63       0       0     169  0.000      0  0.38  0.40
  diag    256  4.54  2.14       0       0      18  0.000      0  0.63  0.64
== cal_slot4_lid7_seq65069.pt T=65069 A=59518 nq=256 need p50/p90/max=0/0/17 key_mean_energy=0.133
  basis     r    zp   z50  fire50  fire90 firemax fallbk  fire0    qE    kE
  qpca     64  4.54  2.00       0      18    2515  0.000      0  0.77  0.27
  qpca    128  3.23  1.27       0       3     145  0.000      0  0.91  0.40
  qpca    256  3.32  0.91       0       2      77  0.000      0  0.98  0.62
  kpca     64  5.74  2.41       0     300    4968  0.004      0  0.41  0.54
  kpca    128  4.58  1.52       0      36     934  0.000      0  0.54  0.67
  kpca    256  3.15  0.54       0       3      96  0.000      0  0.72  0.83
  kmom     64  6.01  2.80       0     280    3876  0.000      0  0.43  0.56
  kmom    128  4.99  2.28       0      30     635  0.000      0  0.56  0.69
  kmom    256  3.98  1.39       0       4     110  0.000      0  0.74  0.84
  mix      64  4.86  1.97       0      22     928  0.000      0  0.70  0.50
  mix     128  3.49  1.38       0       3     162  0.000      0  0.85  0.63
  mix     256  2.48  0.73       0       1      39  0.000      0  0.96  0.80
  diag     64  6.60  3.99       0    9506   58154  0.141      0  0.23  0.17
  diag    128  6.42  3.65       0    1480   35136  0.059      0  0.39  0.30
  diag    256  5.70  3.13       0      63    4696  0.004      0  0.63  0.55
== mean over snapshots
  basis     r    zp  fire50  fire90 fallbk    qE    kE  n
  qpca     64  3.38       0      26  0.001  0.75  0.21  22
  qpca    128  3.02       0      10  0.000  0.85  0.33  22
  qpca    256  2.63       0       3  0.000  0.93  0.56  22
  kpca     64  4.70      60     896  0.020  0.27  0.61  22
  kpca    128  3.99      18     195  0.001  0.41  0.75  22
  kpca    256  2.95       0      12  0.000  0.61  0.89  22
  kmom     64  5.47      35     494  0.011  0.32  0.68  22
  kmom    128  4.59       8     124  0.000  0.45  0.80  22
  kmom    256  3.46       0       7  0.000  0.64  0.91  22
  mix      64  4.13       0      20  0.000  0.70  0.59  22
  mix     128  3.44       0       5  0.000  0.83  0.73  22
  mix     256  2.71       0       2  0.000  0.94  0.87  22
  diag     64  6.17     202   13448  0.162  0.25  0.17  22
  diag    128  5.71      16    1172  0.036  0.41  0.31  22
  diag    256  4.69       1      46  0.001  0.65  0.56  22
