Warning: You are sending unauthenticated requests to the HF Hub. Please set a HF_TOKEN to enable higher rate limits and faster downloads.
[transformers] You are using a model of type `glm5_next` to instantiate a model of type ``. This may be expected if you are loading a checkpoint that shares a subset of the architecture (e.g., loading a `sam2_video` checkpoint into `Sam2Model`), but is otherwise not supported and can yield errors. Please verify that the checkpoint is compatible with the model you are instantiating.
gov_report 1/200 8s
gov_report 21/200 166s
gov_report 41/200 326s
gov_report 61/200 498s
gov_report 81/200 656s
gov_report 101/200 814s
gov_report 121/200 970s
gov_report 141/200 1127s
gov_report 161/200 1277s
gov_report 181/200 1433s
gov_report 200/200 1575s
{"gov_report": {"n": 200, "truncated": 0, "max_gen": 512, "wall_s": 1575, "tokens_max": 51463, "pred": "/home/user/vestigekv/results/glm53/longbench1/pred_baseline_gov_report.jsonl"}}
qmsum 1/200 7s
qmsum 21/200 107s
qmsum 41/200 214s
qmsum 61/200 301s
qmsum 81/200 409s
qmsum 101/200 527s
qmsum 121/200 632s
qmsum 141/200 747s
qmsum 161/200 852s
qmsum 181/200 953s
qmsum 200/200 1049s
{"qmsum": {"n": 200, "truncated": 0, "max_gen": 512, "wall_s": 1049, "tokens_max": 29996, "pred": "/home/user/vestigekv/results/glm53/longbench1/pred_baseline_qmsum.jsonl"}}
multi_news 1/200 6s
multi_news 21/200 132s
multi_news 41/200 262s
multi_news 61/200 395s
multi_news 81/200 525s
multi_news 101/200 656s
multi_news 121/200 785s
multi_news 141/200 914s
multi_news 161/200 1044s
multi_news 181/200 1170s
multi_news 200/200 1290s
{"multi_news": {"n": 200, "truncated": 0, "max_gen": 512, "wall_s": 1290, "tokens_max": 13967, "pred": "/home/user/vestigekv/results/glm53/longbench1/pred_baseline_multi_news.jsonl"}}
