2026-09-18_08:58:23 IDLE runner=0 servers=0 daemon=0 job=- done=110 failed=4 prog='' new_err=0 gpu=0/0% 0/0%  disk_free=63G
2026-09-18_09:28:23 OK runner=1 servers=1 daemon=0 job=randfence-20-ruler done=110 failed=4 prog='404/650 [18:06<26:36,  6.49s/it]' new_err=0 gpu=89417/98% 88841/98%  disk_free=63G
2026-09-18_09:29:31 OK runner=1 servers=1 daemon=0 job=randfence-20-ruler done=110 failed=4 prog='417/650 [19:16<12:37,  3.25s/it]' new_err=0 gpu=89417/97% 88841/96%  disk_free=63G
2026-09-18_09:44:31 OK runner=1 servers=1 daemon=0 job=litspeed-64k-vk done=112 failed=4 prog='' new_err=0 gpu=88577/0% 88021/0%  disk_free=63G
2026-09-18_09:59:31 OK runner=1 servers=1 daemon=0 job=litspeed-128k-vk done=114 failed=4 prog='' new_err=0 gpu=89137/100% 88581/100%  disk_free=63G
2026-09-18_10:14:31 OK runner=1 servers=1 daemon=0 job=litspeed-256k-vk done=116 failed=4 prog='' new_err=0 gpu=88887/98% 88331/100%  disk_free=63G
2026-09-18_10:29:31 SERVER_ERRORS runner=1 servers=1 daemon=0 job=ruler-baseline-long-mid done=117 failed=4 prog='5/5 [00:00<00:00,  5.52it/s]' new_err=6 gpu=87947/0% 87947/0%  disk_free=63G
2026-09-18_10:30:35 OK runner=1 servers=1 daemon=0 job=ruler-baseline-long-mid done=117 failed=4 prog='5/5 [00:00<00:00,  5.52it/s]' new_err=0 gpu=87947/0% 87947/0%  disk_free=63G
2026-09-18_10:45:35 OK runner=1 servers=1 daemon=0 job=ruler-baseline-long-mid done=117 failed=4 prog='0/130 [00:00<?, ?it/s]' new_err=0 gpu=88173/99% 88173/97%  disk_free=63G
2026-09-18_11:00:35 OK runner=1 servers=1 daemon=0 job=ruler-baseline-long-mid done=117 failed=4 prog='7/130 [15:54<4:39:29, 136.34s/it]' new_err=0 gpu=88215/99% 88215/100%  disk_free=63G
2026-09-18_11:15:35 OK runner=1 servers=1 daemon=0 job=ruler-baseline-long-mid done=117 failed=4 prog='13/130 [29:33<4:26:09, 136.49s/it]' new_err=0 gpu=88215/100% 88215/99%  disk_free=63G
2026-09-18_11:30:35 OK runner=1 servers=1 daemon=0 job=ruler-baseline-long-mid done=117 failed=4 prog='20/130 [45:26<4:09:31, 136.11s/it]' new_err=0 gpu=88235/100% 88235/100%  disk_free=63G
2026-09-18_11:45:36 OK runner=1 servers=1 daemon=0 job=ruler-baseline-long-mid done=117 failed=4 prog='26/130 [59:00<3:55:09, 135.67s/it]' new_err=0 gpu=88235/100% 88235/100%  disk_free=63G
2026-09-18_12:00:36 OK runner=1 servers=1 daemon=0 job=ruler-baseline-long-mid done=117 failed=4 prog='33/130 [1:14:48<3:39:10, 135.57s/it]' new_err=0 gpu=88255/100% 88255/100%  disk_free=63G
2026-09-18_12:15:36 OK runner=1 servers=1 daemon=0 job=ruler-baseline-long-mid done=117 failed=4 prog='56/130 [1:30:46<40:14, 32.63s/it]' new_err=0 gpu=88255/100% 88255/99%  disk_free=63G
2026-09-18_12:30:36 OK runner=1 servers=1 daemon=0 job=ruler-baseline-long-mid done=117 failed=4 prog='68/130 [1:45:49<1:03:35, 61.54s/it]' new_err=0 gpu=88255/100% 88255/100%  disk_free=63G
2026-09-18_12:45:36 OK runner=1 servers=1 daemon=0 job=ruler-baseline-long-mid done=117 failed=4 prog='83/130 [1:59:05<1:18:37, 100.37s/it]' new_err=0 gpu=88255/100% 88255/100%  disk_free=63G
2026-09-18_13:00:36 OK runner=1 servers=1 daemon=0 job=ruler-baseline-long-mid done=117 failed=4 prog='102/130 [2:15:25<33:21, 71.49s/it]' new_err=0 gpu=88255/100% 88255/100%  disk_free=63G
2026-09-18_13:15:36 OK runner=1 servers=1 daemon=0 job=ruler-baseline-long-mid done=117 failed=4 prog='113/130 [2:30:02<29:08, 102.87s/it]' new_err=0 gpu=88255/100% 88255/100%  disk_free=63G
2026-09-18_13:30:37 OK runner=1 servers=1 daemon=0 job=ruler-baseline-long-mid done=117 failed=4 prog='129/130 [2:46:06<00:33, 33.82s/it]' new_err=0 gpu=88257/97% 88257/99%  disk_free=63G
2026-09-18_13:45:37 OK runner=1 servers=1 daemon=0 job=ruler-vestigekv-long-mid done=118 failed=4 prog='1/1 [00:00<00:00, 1949.93it/s]' new_err=0 gpu=89083/0% 88527/0%  disk_free=63G
2026-09-18_14:00:37 OK runner=1 servers=1 daemon=0 job=ruler-vestigekv-long-mid done=118 failed=4 prog='4/130 [09:07<4:47:22, 136.85s/it]' new_err=0 gpu=90023/100% 89467/100%  disk_free=63G
2026-09-18_14:15:37 OK runner=1 servers=1 daemon=0 job=ruler-vestigekv-long-mid done=118 failed=4 prog='10/130 [22:48<4:33:36, 136.80s/it]' new_err=0 gpu=90023/98% 89467/100%  disk_free=63G
2026-09-18_14:30:37 OK runner=1 servers=1 daemon=0 job=ruler-vestigekv-long-mid done=118 failed=4 prog='17/130 [38:46<4:17:20, 136.65s/it]' new_err=0 gpu=90043/98% 89487/100%  disk_free=63G
