== gsm8k-platinum 64-shot, n=1209 full set (dense_instruct_v4) ==
/home/user/vestigekv/vestigekv/engine/python/sglang/test/few_shot_gsm8k.py:166: DeprecationWarning: sglang.test.few_shot_gsm8k is deprecated. Use sglang.test.run_eval with eval_name='gsm8k' instead.
  run_eval(args)
Traceback (most recent call last):
  File "<frozen runpy>", line 198, in _run_module_as_main
  File "<frozen runpy>", line 88, in _run_code
  File "/home/user/vestigekv/vestigekv/engine/python/sglang/test/few_shot_gsm8k.py", line 166, in <module>
    run_eval(args)
  File "/home/user/vestigekv/vestigekv/engine/python/sglang/test/few_shot_gsm8k.py", line 111, in run_eval
    states = few_shot_gsm8k.run_batch(
             ^^^^^^^^^^^^^^^^^^^^^^^^^
  File "/home/user/vestigekv/vestigekv/engine/python/sglang/lang/ir.py", line 294, in run_batch
    return run_program_batch(
           ^^^^^^^^^^^^^^^^^^
  File "/home/user/vestigekv/vestigekv/engine/python/sglang/lang/interpreter.py", line 107, in run_program_batch
    cache_program(program, backend)
  File "/home/user/vestigekv/vestigekv/engine/python/sglang/lang/interpreter.py", line 247, in cache_program
    backend.cache_prefix(prefix)
  File "/home/user/vestigekv/vestigekv/engine/python/sglang/lang/backend/runtime_endpoint.py", line 81, in cache_prefix
    res = http_request(
          ^^^^^^^^^^^^^
  File "/home/user/vestigekv/vestigekv/engine/python/sglang/utils.py", line 229, in http_request
    resp = urllib.request.urlopen(req, data=data, cafile=verify)
           ^^^^^^^^^^^^^^^^^^^^^^^^^^^^^^^^^^^^^^^^^^^^^^^^^^^^^
  File "/home/user/.conda/envs/sglang/lib/python3.12/urllib/request.py", line 215, in urlopen
    return opener.open(url, data, timeout)
           ^^^^^^^^^^^^^^^^^^^^^^^^^^^^^^^
  File "/home/user/.conda/envs/sglang/lib/python3.12/urllib/request.py", line 515, in open
    response = self._open(req, data)
               ^^^^^^^^^^^^^^^^^^^^^
  File "/home/user/.conda/envs/sglang/lib/python3.12/urllib/request.py", line 532, in _open
    result = self._call_chain(self.handle_open, protocol, protocol +
             ^^^^^^^^^^^^^^^^^^^^^^^^^^^^^^^^^^^^^^^^^^^^^^^^^^^^^^^
  File "/home/user/.conda/envs/sglang/lib/python3.12/urllib/request.py", line 492, in _call_chain
    result = func(*args)
             ^^^^^^^^^^^
  File "/home/user/.conda/envs/sglang/lib/python3.12/urllib/request.py", line 1373, in http_open
    return self.do_open(http.client.HTTPConnection, req)
           ^^^^^^^^^^^^^^^^^^^^^^^^^^^^^^^^^^^^^^^^^^^^^
  File "/home/user/.conda/envs/sglang/lib/python3.12/urllib/request.py", line 1348, in do_open
    r = h.getresponse()
        ^^^^^^^^^^^^^^^
  File "/home/user/.conda/envs/sglang/lib/python3.12/http/client.py", line 1478, in getresponse
    response.begin()
  File "/home/user/.conda/envs/sglang/lib/python3.12/http/client.py", line 343, in begin
    version, status, reason = self._read_status()
                              ^^^^^^^^^^^^^^^^^^^
  File "/home/user/.conda/envs/sglang/lib/python3.12/http/client.py", line 312, in _read_status
    raise RemoteDisconnected("Remote end closed connection without"
http.client.RemoteDisconnected: Remote end closed connection without response
